PROBE_URL https://prepp.in/paper/ctet-paper-1-question-paper-31-dec-2021-eng-hin-skt-6632ed350368feeaa568fd52
DOCUMENT_STATUS 403

=== DIRECT PUBLIC ASSET PROBES ===
200	6934271	application/pdf	b'%PDF-1.6'	https://cdn-images.prepp.in/public/image/5f35b2a7c7b5f3b16df5310073243304.pdf
200	7722828	application/pdf	b'%PDF-1.4'	https://static.collegedekho.com/media/django-summernote/2022-01-29/bc744b3c-3428-4071-b3d6-a018fffcb9de.pdf
200	16487325	application/pdf	b'%PDF-1.7'	https://blogmedia.testbook.com/blog/wp-content/uploads/2022/12/ctet-paper-1-5th-jan-2022-english-hindi-15499e82.pdf
200	281856	application/pdf	b'%PDF-1.3'	https://cdnbbsr.s3waas.gov.in/s3443dec3062d0286986e21dc0631734c9/uploads/2022/08/2022082370.pdf

=== XHR/FETCH/JSON RESPONSES ===

=== JSON SUMMARIES ===

=== SCRIPT SOURCES ===

=== PERFORMANCE RESOURCES CONTAINING API/QUESTION/PAPER ===

=== NEXT DATA KEYS ===
null

=== VISIBLE CONTROLS ===
[]

=== BODY TEXT PREFIX ===
403 ERROR
The request could not be satisfied.
Request blocked. We can't connect to the server for this app or website at this time. There might be too much traffic or a configuration error. Try again later, or contact the app or website owner.
If you provide content to customers through CloudFront, you can find steps to troubleshoot and help prevent this error by reviewing the CloudFront documentation.

Generated by cloudfront (CloudFront)
Request ID: r8rPNFru-F_e8q930wsW5Iw4MK0ZyiTu-IYGZQdjjObgMkMju0s1gA==

